// Jest Snapshot v1, https://goo.gl/fbAQLP

exports[`generateMetaComponents generates the expected meta elements 1`] = `
Array [
  <link
    href="https://localhost/rss.xml"
    rel="alternate"
    title="Test Pub RSS Feed"
    type="application/rss+xml"
  />,
  <title>
    Test Pub
  </title>,
  <meta
    content="Test Pub"
    property="og:title"
  />,
  <meta
    content="Test Pub"
    name="twitter:title"
  />,
  <meta
    content="Test Pub"
    name="twitter:image:alt"
  />,
  <meta
    content="Test Pub"
    name="citation_title"
  />,
  <meta
    content="Test Pub"
    name="dc.title"
  />,
  <meta
    content="Joi Ito's PubPub"
    property="og:site_name"
  />,
  <meta
    content="Joi Ito's PubPub"
    name="citation_journal_title"
  />,
  <meta
    content="https://localhost/login"
    property="og:url"
  />,
  <meta
    content="website"
    property="og:type"
  />,
  <link
    href="https://assets.pubpub.org/12e422ul/41507920476077.png"
    rel="icon"
    sizes="256x256"
    type="image/png"
  />,
  Array [
    <meta
      content="Ian Reynolds"
      name="citation_author"
    />,
    <meta
      content="Travis Rich"
      name="citation_author"
    />,
    <meta
      content="Catherine Ahearn"
      name="citation_author"
    />,
    <meta
      content="Gabriel Stein"
      name="citation_author"
    />,
    <meta
      content="Joel Gustafson"
      name="citation_author"
    />,
    <meta
      content="Weiwei Hsu"
      name="citation_author"
    />,
    <meta
      content="Hugh Dubberly"
      name="citation_author"
    />,
    <meta
      content="Ian Reynolds"
      name="citation_author"
    />,
  ],
  Array [
    <meta
      content="Ian Reynolds"
      name="dc.creator"
    />,
    <meta
      content="Travis Rich"
      name="dc.creator"
    />,
    <meta
      content="Catherine Ahearn"
      name="dc.creator"
    />,
    <meta
      content="Gabriel Stein"
      name="dc.creator"
    />,
    <meta
      content="Joel Gustafson"
      name="dc.creator"
    />,
    <meta
      content="Weiwei Hsu"
      name="dc.creator"
    />,
    <meta
      content="Hugh Dubberly"
      name="dc.creator"
    />,
    <meta
      content="Ian Reynolds"
      name="dc.creator"
    />,
  ],
  Array [],
  <meta
    content="924988584221879"
    property="fb:app_id"
  />,
  <meta
    content="summary"
    name="twitter:card"
  />,
  <meta
    content="@pubpub"
    name="twitter:site"
  />,
]
`;
