// Jest Snapshot v1, https://goo.gl/fbAQLP

exports[`getPageSearchData produces the expected data for a Page 1`] = `
Array [
  Object {
    "avatar": "page.png",
    "communityDomain": "tc1.pubpub.org",
    "communityTitle": "Test Community",
    "description": "You can put text or Pubs on me",
    "slug": "test-page",
    "title": "I am a test page",
  },
]
`;

exports[`getPubSearchData produces the expected data for a draft Pub 1`] = `
Array [
  Object {
    "avatar": "shh.png",
    "byline": "by Test Testington",
    "communityDomain": "tc1.pubpub.org",
    "communityTitle": "Test Community",
    "content": "Hello hello.IntroductionWhateverOkay",
    "description": "You probably cannot see me",
    "isPublic": false,
    "slug": "a-draft-pub",
    "title": "A Draft Pub",
  },
]
`;

exports[`getPubSearchData produces the expected data for a released Pub 1`] = `
Array [
  Object {
    "avatar": "hello.png",
    "byline": "by First Author, Second Author, and Test Testington",
    "communityDomain": "tc1.pubpub.org",
    "communityTitle": "Test Community",
    "content": "IntroductionWelcome introduction!This bold I pretty nifty . Nature’s ecosystem elegant example complex adaptive system myriad “currencies” interact respond feedback systems enable flourishing regulation. This collaborative model–rather model exponential financial growth Singularity, promises transcendence current human condition advances technology—should provide paradigm approach artificial intelligence. More 60 years ago, MIT mathematician philosopher Norbert Wiener warned “when human atoms knit organization used, full responsible human beings, cogs levers rods, matters raw material flesh blood.” We heed Wiener’s warning.As currencies abundant output successful process organism, organisms evolved output convert else. Over billions years, Earth’s ecosystem evolved, creating vast systems metabolic pathways forming highly complex self-regulating systems that, example, stabilize body temperatures temperature Earth, despite continuous fluctuations changes individual elements scale—from micro macro. The output process input another. Ultimately, interconnects.WhateverVideo SectionHelloAnd paragraph text Hello, you?Citation ListHelloAnd paragraph text Hello, you?InfoContactCountryAlfreds FutterkisteMaria AndersGermanyCentro comercial MoctezumaFrancisco ChangMexico",
    "description": "Hey look at me",
    "isPublic": true,
    "slug": "a-released-pub",
    "title": "A Released Pub",
  },
  Object {
    "avatar": "hello.png",
    "byline": "by First Author, Second Author, and Test Testington",
    "communityDomain": "tc1.pubpub.org",
    "communityTitle": "Test Community",
    "content": "Hello hello.IntroductionWhateverOkay",
    "description": "Hey look at me",
    "isPublic": false,
    "slug": "a-released-pub",
    "title": "A Released Pub",
  },
]
`;
